../Drivers/CMSIS/Include/core_cm3.h:1511:22:__NVIC_EnableIRQ	16	static
../Core/Src/main.c:20:6:usart_init	8	static
../Core/Src/main.c:29:6:USART1_IRQHandler	16	static
../Core/Src/main.c:129:6:PIDController_Init	16	static
../Core/Src/main.c:137:7:PIDController_Update	40	static
../Core/Src/main.c:168:6:rotate_stepper_motor	16	static
../Core/Src/main.c:183:6:pid_control_x	80	static
../Core/Src/main.c:197:6:pid_control_y	80	static
../Core/Src/main.c:211:6:stepper_motors_response_x	24	static
../Core/Src/main.c:226:6:stepper_motors_response_y	24	static
../Core/Src/main.c:240:5:main	16	static
